extensionsURL >snf/pb-2.1.0<
extensionsList >ProductB 2.1.0<
source >"snf/pb-2.1.0"<
testString >test string<
This file is different to cache.js


