extensionsURL >pa-1.0.0<
extensionsList >ProductA 1.0.0<
source >"pa-1.0.0"<
testString >test string<
./ProductA-1.0.0/js/producta.css


