extensionsURL >pb-2.1.0/pa-1.0.0<
extensionsList >ProductB 2.1.0, ProductA 1.0.0<
source >"pb-2.1.0/pa-1.0.0"<
testString >test string<
./ProductB-2.1.0/productb.css


./ProductA-1.0.0/js/producta.css


