extensionsURL >snf/pb-2.1.0<
extensionsList > ProductB 2.1.0<
source >{source}<
testString >{testString}<
styling >{styling}<
./ProductB-2.1.0/productb.css


