extensionsURL >snf/pa-1.0.1<
extensionsList > ProductA 1.0.1<
source >{source}<
testString >{testString}<
styling >{styling}<
./ProductA-1.0.1/css/producta.css


