extensionsURL >snf/pa-1.0.0<
extensionsList > ProductA 1.0.0<
source >{source}<
testString >{testString}<
styling >{styling}<
./ProductA-1.0.0/css/producta.css


