extensionsURL >snf/ea-10.0.0<
extensionsList > ExtA 10.0.0<
source >{source}<
testString >{testString}<
styling >{styling}<
./Ext-10-3.0.0/js/exta.js


./Ext-10-3.0.0/js/exta.styleNoFiles.js


