extensionsURL >snf/pb-2.1.0/pa-1.0.0<
extensionsList > ProductB 2.1.0, ProductA 1.0.0<
source >{source}<
testString >{testString}<
styling >{styling}<
./ProductB-2.1.0/productb.js


./ProductA-1.0.0/js/ProductA.styleNoFiles.js


./ProductA-1.0.0/js/productA.js


