extensionsURL >snf/pa-1.0.0/ea-10.0.0<
extensionsList > ProductA 1.0.0, ExtA 10.0.0<
source >{source}<
testString >{testString}<
styling >{styling}<
./ProductA-1.0.0/js/ProductA.styleNoFiles.js


./ProductA-1.0.0/js/productA.js


./Ext-10-3.0.0/js/exta.js


./Ext-10-3.0.0/js/exta.styleNoFiles.js


