extensionsURL >snf/ea-10.0.0<
extensionsList >ExtA 10.0.0<
source >"snf/ea-10.0.0"<
testString >test string<
./Ext-10-3.0.0/js/exta.js


./Ext-10-3.0.0/js/exta.styleNoFiles.js


