extensionsURL >snf/en/pd-4.0.0<
extensionsList >localeEn en, ProductD 4.0.0<
source >"snf/en/pd-4.0.0"<
testString >test string<
./ProductD-4.0.0/productd.styleNoFiles.en.js


